// Jest Snapshot v1, https://goo.gl/fbAQLP

exports[`Login Component rendered successfully 1`] = `
<div>
  <div>
    <h1>
      Login Page.
    </h1>
    <div>
      <form
        class="ui form"
      >
        <div
          class="field"
        >
          <input
            id="username"
            label="Username"
            placeholder="Username"
            value=""
          />
        </div>
        <div
          class="field"
        >
          <input
            label="Password"
            placeholder="Password"
            value=""
          />
        </div>
        <button
          class="ui button"
          type="submit"
        >
          Submit
        </button>
      </form>
    </div>
    <button
      class="ui button"
    >
      Show Modal
    </button>
  </div>
</div>
`;
